[backblue.gif]
[fade.gif]
[index.html]
[127.0.0.1_8000/static/image/logo/bitLogo.png]
[127.0.0.1_8000/static/image/Untitleda.jpg]
[127.0.0.1_8000/static/image/20944136b.jpg]
[127.0.0.1_8000/static/vendor/modernizr/modernizr.min.js]
[127.0.0.1_8000/static/vendor/jquery/jquery.min.js]
[127.0.0.1_8000/static/vendor/jquery.appear/jquery.appear.min.js]
[127.0.0.1_8000/static/vendor/jquery.easing/jquery.easing.min.js]
[127.0.0.1_8000/static/vendor/jquery.cookie/jquery.cookie.min.js]
[127.0.0.1_8000/static/vendor/popper/umd/popper.min.js]
[127.0.0.1_8000/static/vendor/bootstrap/js/bootstrap.min.js]
[127.0.0.1_8000/static/vendor/common/common.min.js]
[127.0.0.1_8000/static/vendor/jquery.validation/jquery.validate.min.js]
[127.0.0.1_8000/static/vendor/jquery.easy-pie-chart/jquery.easypiechart.min.js]
[127.0.0.1_8000/static/vendor/jquery.gmap/jquery.gmap.min.js]
[127.0.0.1_8000/static/vendor/jquery.lazyload/jquery.lazyload.min.js]
[127.0.0.1_8000/static/vendor/isotope/jquery.isotope.min.js]
[127.0.0.1_8000/static/vendor/owl.carousel/owl.carousel.min.js]
[127.0.0.1_8000/static/vendor/magnific-popup/jquery.magnific-popup.min.js]
[127.0.0.1_8000/static/vendor/vide/jquery.vide.min.js]
[127.0.0.1_8000/static/vendor/vivus/vivus.min.js]
[127.0.0.1_8000/static/js/theme.js]
[127.0.0.1_8000/static/js/views/view.contact.js]
[127.0.0.1_8000/index.html]
[127.0.0.1_8000/static/js/theme.init.js]
[fonts.googleapis.com/css507a.css]
[127.0.0.1_8000/services/index.html]
[127.0.0.1_8000/static/image/services/services.png]
[127.0.0.1_8000/static/image/products/products_header_page.jpg]
[127.0.0.1_8000/static/image/products/lightshifter.png]
[127.0.0.1_8000/static/image/products/Lumos.png]
[127.0.0.1_8000/products/index.html]
[127.0.0.1_8000/static/image/products/light-blender-logo.png]
[127.0.0.1_8000/static/image/projects/projects.jpg]
[127.0.0.1_8000/static/image/projects/dnbuy.png]
[127.0.0.1_8000/static/image/projects/gtr.png]
[127.0.0.1_8000/static/image/projects/gtr-one.png]
[127.0.0.1_8000/static/image/projects/ryan-longo.png]
[127.0.0.1_8000/static/image/projects/Lumos.png]
[127.0.0.1_8000/static/image/projects/TF logo.jpg]
[127.0.0.1_8000/static/image/projects/synodic-logo-2.png]
[127.0.0.1_8000/static/image/projects/light-blender-logo.png]
[127.0.0.1_8000/static/image/projects/metal-logo.jpg]
[127.0.0.1_8000/projects/index.html]
[127.0.0.1_8000/static/image/abute-us.png]
[127.0.0.1_8000/about-us/index.html]
[127.0.0.1_8000/contact-us/index.html]
[127.0.0.1_8000/static/image/contact_us/contact-us.png]
[127.0.0.1_8000/captcha/image/8ca34f618c0df123563ae385192a2b83510157a7/index.html]
[127.0.0.1_8000/terms-and-conditions/index.html]
[127.0.0.1_8000/privacy-policy/index.html]
[127.0.0.1_8000/static/image/products/lightshifter1.jpg]
[127.0.0.1_8000/products/light-shifter.html]
[127.0.0.1_8000/static/image/projects/lumos/secondimages.jpg]
[127.0.0.1_8000/static/image/projects/lumos/17.jpg]
[127.0.0.1_8000/static/image/projects/lumos/15.jpg]
[127.0.0.1_8000/static/image/projects/lumos/16.jpg]
[127.0.0.1_8000/products/lumos.html]
[127.0.0.1_8000/static/image/projects/lumos/thirdimages.jpg]
[127.0.0.1_8000/products/light-blender.html]
[127.0.0.1_8000/static/image/projects/dnbuy-project.png]
[127.0.0.1_8000/projects/dnbuy/index.html]
[127.0.0.1_8000/static/image/projects/gtr-projects.png]
[127.0.0.1_8000/projects/gtr/index.html]
[127.0.0.1_8000/static/image/projects/lightshifter1.jpg]
[127.0.0.1_8000/projects/light-shifter/index.html]
[127.0.0.1_8000/static/image/projects/lightshifter.jpg]
[127.0.0.1_8000/projects/light-shifter-v2/index.html]
[127.0.0.1_8000/projects/gtr-crypto/index.html]
[127.0.0.1_8000/projects/lumos/index.html]
[127.0.0.1_8000/static/image/projects/lumos/firstimages.jpg]
[127.0.0.1_8000/projects/trade-forward-project/index.html]
[127.0.0.1_8000/static/image/projects/tfmain.png]
[127.0.0.1_8000/projects/syondic-br/index.html]
[127.0.0.1_8000/static/image/projects/bellevueroot.png]
[127.0.0.1_8000/projects/light-blender/index.html]
[127.0.0.1_8000/projects/metal-in-nature/index.html]
[127.0.0.1_8000/products/order/create0061.html]
[127.0.0.1_8000/captcha/image/ee5fad7e749f744ac1c1af63679d59b1d9659df6/index.html]
[127.0.0.1_8000/products/order/createbc2c.html]
[127.0.0.1_8000/captcha/image/62e9cc4423e87b85b855a2995121105147e19099/index.html]
[127.0.0.1_8000/products/order/create65b9.html]
[127.0.0.1_8000/captcha/image/19cc866bfd330c6d2330bf231ab7b68502c337c5/index.html]
[127.0.0.1_8000/static/image/logo/bitLogo.png]
[127.0.0.1_8000/img/favicon.html]
[127.0.0.1_8000/static/image/Untitleda.jpg]
[127.0.0.1_8000/img/apple-touch-icon.html]
[127.0.0.1_8000/static/image/20944136b.jpg]
[127.0.0.1_8000/static/vendor/bootstrap/css/bootstrap.min.css]
[127.0.0.1_8000/static/vendor/modernizr/modernizr.min.js]
[127.0.0.1_8000/static/vendor/fontawesome-free/webfonts/fa-brands-400.eot]
[127.0.0.1_8000/static/vendor/fontawesome-free/webfonts/fa-brands-400.woff2]
[127.0.0.1_8000/static/vendor/fontawesome-free/webfonts/fa-brands-400.woff]
[127.0.0.1_8000/static/vendor/fontawesome-free/webfonts/fa-brands-400.ttf]
[127.0.0.1_8000/static/vendor/fontawesome-free/webfonts/fa-regular-400.eot]
[127.0.0.1_8000/static/vendor/fontawesome-free/webfonts/fa-regular-400.7bd41d.delayed]
[127.0.0.1_8000/static/vendor/jquery/jquery.min.js]
[127.0.0.1_8000/static/vendor/fontawesome-free/webfonts/fa-regular-400.woff2]
[127.0.0.1_8000/static/vendor/fontawesome-free/webfonts/fa-regular-400.woff]
[127.0.0.1_8000/static/vendor/fontawesome-free/webfonts/fa-regular-400.ttf]
[127.0.0.1_8000/static/vendor/jquery.appear/jquery.appear.min.js]
[127.0.0.1_8000/static/vendor/fontawesome-free/webfonts/fa-solid-900.eot]
[127.0.0.1_8000/static/vendor/fontawesome-free/webfonts/fa-solid-900.woff2]
[127.0.0.1_8000/static/vendor/jquery.easing/jquery.easing.min.js]
[127.0.0.1_8000/static/vendor/fontawesome-free/webfonts/fa-solid-900.woff]
[127.0.0.1_8000/static/vendor/fontawesome-free/webfonts/fa-solid-900.ttf]
[127.0.0.1_8000/static/vendor/fontawesome-free/css/all.min.css]
[127.0.0.1_8000/static/vendor/animate/animate.compat.css]
[127.0.0.1_8000/static/vendor/jquery.cookie/jquery.cookie.min.js]
[127.0.0.1_8000/static/vendor/popper/umd/popper.min.js]
[127.0.0.1_8000/static/vendor/simple-line-icons/fonts/Simple-Line-Iconsb26c.eot]
[127.0.0.1_8000/static/vendor/bootstrap/js/bootstrap.min.js]
[127.0.0.1_8000/static/vendor/common/common.min.js]
[127.0.0.1_8000/static/vendor/simple-line-icons/fonts/Simple-Line-Iconsb26c.woff2]
[127.0.0.1_8000/static/vendor/simple-line-icons/fonts/Simple-Line-Iconsb26c.ttf]
[127.0.0.1_8000/static/vendor/jquery.validation/jquery.validate.min.js]
[127.0.0.1_8000/static/vendor/simple-line-icons/fonts/Simple-Line-Iconsb26c.woff]
[127.0.0.1_8000/static/vendor/jquery.easy-pie-chart/jquery.easypiechart.min.js]
[127.0.0.1_8000/static/vendor/simple-line-icons/css/simple-line-icons.min.css]
[127.0.0.1_8000/static/vendor/jquery.gmap/jquery.gmap.min.js]
[127.0.0.1_8000/static/vendor/owl.carousel/assets/owl.video.play.png]
[127.0.0.1_8000/static/vendor/owl.carousel/assets/owl.carousel.min.css]
[127.0.0.1_8000/static/vendor/jquery.lazyload/jquery.lazyload.min.js]
[127.0.0.1_8000/static/vendor/owl.carousel/assets/owl.theme.default.min.css]
[127.0.0.1_8000/static/vendor/isotope/jquery.isotope.min.js]
[127.0.0.1_8000/static/vendor/owl.carousel/owl.carousel.min.js]
[127.0.0.1_8000/static/vendor/magnific-popup/magnific-popup.min.css]
[127.0.0.1_8000/static/vendor/magnific-popup/jquery.magnific-popup.min.js]
[127.0.0.1_8000/static/vendor/vide/jquery.vide.min.js]
[127.0.0.1_8000/static/vendor/vivus/vivus.min.js]
[127.0.0.1_8000/static/js/theme.js]
[127.0.0.1_8000/static/js/views/view.contact.js]
[127.0.0.1_8000/static/js/theme.init.js]
[127.0.0.1_8000/static/image/services/services.png]
[127.0.0.1_8000/static/image/products/lightshifter.png]
[127.0.0.1_8000/static/image/products/Lumos.png]
[127.0.0.1_8000/static/image/products/light-blender-logo.png]
[127.0.0.1_8000/static/image/products/products_header_page.jpg]
[127.0.0.1_8000/static/image/projects/projects.jpg]
[127.0.0.1_8000/static/image/projects/dnbuy.png]
[127.0.0.1_8000/static/image/projects/gtr.png]
[127.0.0.1_8000/static/image/projects/gtr-one.png]
[127.0.0.1_8000/static/css/theme.css]
[127.0.0.1_8000/static/image/projects/ryan-longo.png]
[127.0.0.1_8000/static/image/projects/Lumos.png]
[127.0.0.1_8000/static/image/projects/TF logo.jpg]
[127.0.0.1_8000/static/image/projects/synodic-logo-2.png]
[127.0.0.1_8000/static/image/projects/light-blender-logo.png]
[127.0.0.1_8000/static/image/projects/metal-logo.jpg]
[127.0.0.1_8000/static/image/abute-us.png]
[127.0.0.1_8000/static/image/contact_us/contact-us.png]
[127.0.0.1_8000/static/image/products/lightshifter1.jpg]
[127.0.0.1_8000/static/image/projects/lumos/secondimages.jpg]
[127.0.0.1_8000/static/image/projects/lumos/17.jpg]
[127.0.0.1_8000/captcha/image/8ca34f618c0df123563ae385192a2b83510157a7/index.html]
[127.0.0.1_8000/static/image/projects/lumos/15.jpg]
[127.0.0.1_8000/static/image/projects/lumos/16.jpg]
[127.0.0.1_8000/static/image/projects/lumos/thirdimages.jpg]
[127.0.0.1_8000/static/image/projects/dnbuy-project.png]
[127.0.0.1_8000/static/image/projects/gtr-projects.png]
[127.0.0.1_8000/static/image/projects/lightshifter1.jpg]
[127.0.0.1_8000/static/image/projects/lightshifter.jpg]
[127.0.0.1_8000/static/image/projects/lumos/firstimages.jpg]
[127.0.0.1_8000/static/image/projects/tfmain.png]
[127.0.0.1_8000/static/image/projects/bellevueroot.png]
[127.0.0.1_8000/captcha/image/ee5fad7e749f744ac1c1af63679d59b1d9659df6/index.html]
[127.0.0.1_8000/captcha/image/62e9cc4423e87b85b855a2995121105147e19099/index.html]
[127.0.0.1_8000/static/vendor/fontawesome-free/webfonts/fa-brands-400.woff2]
[127.0.0.1_8000/static/vendor/fontawesome-free/webfonts/fa-brands-400.eot]
[127.0.0.1_8000/static/vendor/fontawesome-free/webfonts/fa-brands-400.woff]
[127.0.0.1_8000/static/vendor/fontawesome-free/webfonts/fa-brands-400d41d.eot]
[127.0.0.1_8000/static/vendor/fontawesome-free/webfonts/fa-brands-400.ttf]
[127.0.0.1_8000/static/vendor/fontawesome-free/webfonts/fa-regular-400.eot]
[127.0.0.1_8000/static/vendor/fontawesome-free/webfonts/fa-regular-400.woff2]
[127.0.0.1_8000/static/vendor/fontawesome-free/webfonts/fa-regular-400d41d.eot]
[127.0.0.1_8000/static/vendor/fontawesome-free/webfonts/fa-regular-400.woff]
[127.0.0.1_8000/static/vendor/fontawesome-free/webfonts/fa-regular-400.ttf]
[127.0.0.1_8000/static/vendor/fontawesome-free/webfonts/fa-solid-900.eot]
[127.0.0.1_8000/static/vendor/fontawesome-free/webfonts/fa-solid-900d41d.eot]
[127.0.0.1_8000/static/vendor/fontawesome-free/webfonts/fa-solid-900.woff2]
[127.0.0.1_8000/static/vendor/fontawesome-free/webfonts/fa-solid-900.woff]
[127.0.0.1_8000/static/vendor/fontawesome-free/webfonts/fa-solid-900.ttf]
[127.0.0.1_8000/static/vendor/simple-line-icons/fonts/Simple-Line-Iconsb26c.woff2]
[127.0.0.1_8000/static/vendor/simple-line-icons/fonts/Simple-Line-Iconsb26c.eot]
[127.0.0.1_8000/static/vendor/simple-line-icons/fonts/Simple-Line-Iconsb26c.ttf]
[127.0.0.1_8000/static/vendor/simple-line-icons/fonts/Simple-Line-Iconsb26c.woff]
[127.0.0.1_8000/static/vendor/owl.carousel/assets/owl.video.play.png]
[127.0.0.1_8000/static/css/theme-elements.css]
[127.0.0.1_8000/static/css/theme-blog.css]
[127.0.0.1_8000/static/css/theme-shop.css]
[127.0.0.1_8000/static/css/skins/skin-corporate-10.css]
[127.0.0.1_8000/static/css/custom.css]
[127.0.0.1_8000/services/index.html]
[127.0.0.1_8000/image/wepik--2022517-222411.html]
[127.0.0.1_8000/terms-and-conditions/index.html]
[127.0.0.1_8000/static/js/custom.js]
[127.0.0.1_8000/services/img/favicon.html]
[127.0.0.1_8000/services/img/apple-touch-icon.html]
[127.0.0.1_8000/products/img/favicon.html]
[127.0.0.1_8000/products/img/apple-touch-icon.html]
[127.0.0.1_8000/products/light-shifter.html]
[127.0.0.1_8000/products/lumos.html]
[127.0.0.1_8000/products/light-blender.html]
[127.0.0.1_8000/projects/img/favicon.html]
[127.0.0.1_8000/projects/img/apple-touch-icon.html]
[127.0.0.1_8000/projects/dnbuy/index.html]
[127.0.0.1_8000/projects/gtr/index.html]
[127.0.0.1_8000/projects/light-shifter/index.html]
[127.0.0.1_8000/projects/light-shifter-v2/index.html]
[127.0.0.1_8000/projects/trade-forward-project/index.html]
[127.0.0.1_8000/projects/syondic-br/index.html]
[127.0.0.1_8000/projects/light-blender/index.html]
[127.0.0.1_8000/projects/metal-in-nature/index.html]
[127.0.0.1_8000/about-us/img/favicon.html]
[127.0.0.1_8000/about-us/img/apple-touch-icon.html]
[127.0.0.1_8000/about-us/img/generic/generic-corporate-3-1.html]
[127.0.0.1_8000/about-us/img/generic/generic-corporate-3-2.html]
[127.0.0.1_8000/about-us/img/generic/generic-corporate-3-3.html]
[127.0.0.1_8000/contact-us/img/favicon.html]
[127.0.0.1_8000/contact-us/img/apple-touch-icon.html]
[127.0.0.1_8000/terms-and-conditions/img/favicon.html]
[127.0.0.1_8000/terms-and-conditions/img/apple-touch-icon.html]
[127.0.0.1_8000/privacy-policy/img/favicon.html]
[127.0.0.1_8000/privacy-policy/img/apple-touch-icon.html]
[127.0.0.1_8000/products/img/products/product-grey-7.html]
[127.0.0.1_8000/products/order/createbc2c.html]
[127.0.0.1_8000/captcha/image/69aa4a3429fa430c7a9358e4a459e810a965eba6/index.html]
[127.0.0.1_8000/products/order/create65b9.html]
[127.0.0.1_8000/projects/dnbuy/img/favicon.html]
[127.0.0.1_8000/projects/dnbuy/img/apple-touch-icon.html]
[127.0.0.1_8000/projects/gtr/img/favicon.html]
[127.0.0.1_8000/projects/gtr/img/apple-touch-icon.html]
[127.0.0.1_8000/projects/light-shifter/img/favicon.html]
[127.0.0.1_8000/projects/light-shifter/img/apple-touch-icon.html]
[127.0.0.1_8000/projects/light-shifter-v2/img/favicon.html]
[127.0.0.1_8000/projects/light-shifter-v2/img/apple-touch-icon.html]
[127.0.0.1_8000/projects/gtr-crypto/img/favicon.html]
[127.0.0.1_8000/projects/gtr-crypto/img/apple-touch-icon.html]
[127.0.0.1_8000/projects/lumos/img/favicon.html]
[127.0.0.1_8000/projects/lumos/img/apple-touch-icon.html]
[127.0.0.1_8000/projects/trade-forward-project/img/favicon.html]
[127.0.0.1_8000/projects/trade-forward-project/img/apple-touch-icon.html]
[127.0.0.1_8000/projects/syondic-br/img/favicon.html]
[127.0.0.1_8000/projects/syondic-br/img/apple-touch-icon.html]
[127.0.0.1_8000/projects/light-blender/img/favicon.html]
[127.0.0.1_8000/projects/light-blender/img/apple-touch-icon.html]
[127.0.0.1_8000/projects/metal-in-nature/img/favicon.html]
[127.0.0.1_8000/projects/metal-in-nature/img/apple-touch-icon.html]
[127.0.0.1_8000/products/order/img/favicon.html]
[127.0.0.1_8000/products/order/img/apple-touch-icon.html]
[127.0.0.1_8000/captcha/image/3f46849eef53c4422a9439f6fab2ffab91518e6b/index.html]
[127.0.0.1_8000/captcha/image/19cc866bfd330c6d2330bf231ab7b68502c337c5/index.html]
[127.0.0.1_8000/static/vendor/fontawesome-free/webfonts/fa-brands-400.svg]
[127.0.0.1_8000/static/vendor/fontawesome-free/webfonts/fa-regular-400.svg]
[127.0.0.1_8000/static/vendor/fontawesome-free/webfonts/fa-solid-900.svg]
[127.0.0.1_8000/static/vendor/simple-line-icons/fonts/Simple-Line-Iconsb26c.svg]
[127.0.0.1_8000/static/img/home/home-concept-dark.html]
[127.0.0.1_8000/static/img/home/home-concept-item-dark.html]
[127.0.0.1_8000/static/img/home/home-concept-icons-dark.html]
[127.0.0.1_8000/static/img/arrows-dark.html]
[127.0.0.1_8000/static/img/arrows.html]
[127.0.0.1_8000/static/img/patterns/worn_dots.html]
[127.0.0.1_8000/static/img/patterns/az_subtle.html]
[127.0.0.1_8000/static/img/flags.html]
[127.0.0.1_8000/static/img/icons/icons.html]
[127.0.0.1_8000/static/css/img/lazy.html]
[127.0.0.1_8000/static/img/pencil-blue-line.html]
[127.0.0.1_8000/static/img/pencil-blue-line-dark.html]
[127.0.0.1_8000/static/img/pencil-blue-line-2.html]
[127.0.0.1_8000/static/img/pencil-blue-line-2-dark.html]
[127.0.0.1_8000/static/img/overlay-dot.html]
[127.0.0.1_8000/static/img/map.html]
[127.0.0.1_8000/static/img/home/home-concept.html]
[127.0.0.1_8000/static/img/home/home-concept-item.html]
[127.0.0.1_8000/static/img/home/home-concept-icons.html]
[127.0.0.1_8000/static/css/fonts/star.html]
[127.0.0.1_8000/static/css/fonts/stard41d.html]
[127.0.0.1_8000/static/css/fonts/star-2.html]
[127.0.0.1_8000/static/css/fonts/star-3.html]
[127.0.0.1_8000/static/css/fonts/star-4.html]
